// Jest Snapshot v1, https://goo.gl/fbAQLP

exports[`Contact should render correctly 1`] = `
<div
  className="container"
>
  <h4
    className="center"
  >
    Contact
  </h4>
  <p>
    Lorem ipsum dolor sit amet consectetur adipisicing elit. Fuga, expedita quaerat in ea delectus deserunt excepturi hic id quisquam quod facilis porro necessitatibus culpa, earum sunt enim, recusandae nulla doloremque?
  </p>
</div>
`;
